A B C
Aa Bbb Cccc
Linus Torvalds
Welcome To Prosolve 4.0!!!
Muhammad Ibn Musa Al Khwarizmi
