hooman hey
idiot are yall that heard we
true? that is
