RM 0.00
RM 100.00
RM 950.00
RM 1230.04
RM 4250.00
