RM 33.00
RM 434.00
RM 4419.15
RM 50405.00
RM 84999.15
