Yâ€™4ll $4ve $e4rd 4b@ut se4rc$ 4nd destr@y, rlg$t!
